border_size=1
usage=map

Xu          , Wo          , Xu          , Xu          , Xu          , Xu          , Xu          , Xu          , Xu          , Xu          , Xu          , Xu          , Wo          , Wo          , Wo          , Xu          , Wo          , Xu          , Wo          , Xu          , Xu          , Uh          , Uh          , Xu          , Wo          , Xu          , Xu          , Xu          , Xu          , Xu          , Wo          , Wo          , Ww          , Xu          , Xu          , Xu          , Xu          , Xu          , Xu          , Xu          , Xu          , Xu          , Xu          , Xu          , Xu          , Xu          , Xu          , Xu          , Xu          , Xu          , Xu          , Xu          , Wo          , Wo          , Wo          , Wo          , Xu          
Xu          , Wo          , Wo          , Xu          , Chw         , Xu          , Wwf         , Xu          , Wwf         , Xu          , Wwf         , Xu          , Wo          , Wo          , Wo          , Wo          , Wo          , Wo          , Wo          , Wo          , Wo          , Wo          , Wo          , Wo^Bw\      , Wo          , Wo          , Wo          , Xu          , Wo          , Wo          , Xu          , Ww          , Wwf         , Xu          , Ds          , Xu          , Uh          , Xu          , Uh          , Xu          , Xu          , Xu          , Xu          , Xu          , Xu          , Xu          , Ds          , Ds          , Ww          , Xu          , Xu          , Xu          , Wo          , Wo          , Xu          , Xu          , Xu          
Xu          , Wo          , Wo          , Wo          , Ww          , Chw         , Chw         , Wwf         , Ww^Vm       , Wwf         , Xu          , Xu          , Wo          , Wo          , Wo          , Wo          , Wo          , Xu          , Xu          , Xu          , Wwf         , Wo          , Wo          , Wo^Bw|      , Xu          , Uu          , Xu          , Wo          , Xu          , Ww          , Xu          , Xu          , Xu          , Wwf         , Wwf         , Rd          , Rd          , Uu          , Rd          , Uh          , Uh          , Qxu         , Ds          , Xu          , Xu          , Xu          , Ww          , Ww          , Wwf         , Ww          , Wo          , Wo          , Ww          , Ww          , Ww          , Xu          , Xu          
Wo          , Wo          , Wo          , Wo          , Chw         , 5 Khw       , Wo          , Ww          , Ww          , Wwf         , Xu          , Xu          , Xu          , Wo          , Wo          , Wo          , Xu          , Xu          , Wwf         , Wwf         , Xu          , Uh          , Wo          , Uu          , Uh          , Uu          , Ds          , Ds          , Wwf         , Ww^Vm       , Wwr         , Uu^Uf       , Rd          , Rd          , Rd          , Wwf         , Wwf         , Rd          , Wwf         , Rd          , Rd          , Uu          , Ds          , Ds          , Wwf         , Wwr         , Wwf         , Wwf         , Xu          , Wwf         , Ww          , Ww          , Xu          , Xu          , Xu          , Ww          , Wo          
Wo          , Wo          , Wo          , Wo          , Wwf         , Chw         , Wo          , Xu          , Xu          , Ww          , Wwf         , Wwf         , Xu          , Xu          , Xu          , Xu          , Wwf         , Wwf         , Xu          , Xu          , Xu          , Uh          , Uh          , Wo          , Ww          , Xu          , Wwf         , Wwf         , Rd          , Wwf         , Rd          , Wwf         , Wwf         , Rd          , Ds          , Rd          , Xu          , Wwf         , Xu          , Wwf         , Wwf         , Rd          , Wwf         , Wwf         , Wwf         , Wwf         , Xu          , Xu          , Xu          , Wwf         , Xu          , Xu          , Xos         , Xos         , Ww          , Ww          , Wo          
Wo          , Xu          , Xu          , Wwf         , Ww          , Wo          , Wo          , Wo          , Wo          , Uu          , Xu          , Xu          , Wwf         , Wwf         , Wwf         , Wwf         , Xu          , Xu          , Xu          , Xu          , Xu          , Uh          , Xu          , Wwr         , Ds          , Rd          , Wwf         , Ds          , Rd          , Wwf         , Ds          , Rd          , Mm          , Wwf         , Wwf         , Xu          , Wwf         , Chw         , Wwf         , Xu          , Xu          , Wwf         , Uu^Vu       , Wwf         , Rd          , Ds          , Uh          , Ss          , Xu          , Xu          , Xos         , Xos         , Rr          , Wwf         , Wwf         , Ww          , Xu          
Wo          , Xu          , Xu          , Wwf         , Ww          , Wo          , Xu          , Wo          , Wo          , Wwf         , Wwf         , Wwf         , Ww          , Xu          , Xu          , Wwf         , Wwf         , Uu^Vud      , Wwf         , Xu          , Xu          , Uh          , Xu          , Xu          , Wwf         , Wwf         , Xu          , Wwf         , Xu          , Wwr         , Ww          , Dd^Dr       , Xu          , Ww          , Ww          , Xu          , Ww          , Wwr         , Ds          , Xu          , Uh          , Xu          , Uu^Uf       , Wwf         , Wwr         , Rd          , Wwf         , Xu          , Xu          , Xu          , Xos         , Uh          , Kud         , Wwf         , Wwf         , Ww          , Uu          
Wo          , Xu          , Xu          , Xu          , Ww          , Ww          , Xu          , Xu          , Wo          , Wo          , Wo          , Ww^Vm       , Ww          , Xu          , Xu          , Xu          , Wwr         , Wwf         , Xu          , Wwf         , Wwf         , Hd          , Ds          , Hd          , Wwf         , Uh          , Ww^Vm       , Wwr         , Chw         , Ww          , Ww          , Uh          , Ww          , Ww          , Chw         , Ww          , Ww          , Ww          , Ww          , Ds          , Ds          , Xu          , Wwf         , Wwf         , Wwf         , Wwf         , Chr         , Wwf         , Wwf         , Xu          , Xos         , Uh          , Wo          , Uu^Ii       , Kud         , Uu          , Uh          
Xu          , Xu          , Xu          , Ww          , Wo          , Ww          , Xu          , Xu          , Xu          , Wo          , Ww          , Ww          , Xu          , Xu          , Uu^Ii       , Xu          , Xu          , Wwf         , Xu          , Xu          , Wwf         , Wwf         , Wwf         , Ds          , Chw         , Wwr         , Ww          , Chw         , Ww          , Ww          , Wo          , Ww          , Wo          , Wo          , Wo          , Chw         , Wo          , Ww^Vm       , Ww          , Ww          , Wwr         , Xu          , Wwf         , Dd^Dr       , Rd          , Rd          , Ss          , Rd          , Wwf         , Ds          , Uu          , Xos         , Mm          , Wo          , Uh          , Uh          , Uh          
Xu          , Xu          , Xu          , Ww^Vm       , Ww^Vm       , Ww          , Xu          , Xu          , Xu          , Xu          , Wwf         , Xu          , Xu          , Xu          , Uu^Uf       , Ss          , Xu          , Wwf         , Wwf         , Xu          , Wwf         , Rd          , Xu          , Xu          , Wwr         , Ww          , Ww          , Ww          , Ww          , Wwr         , Wwr         , Wo          , Ds          , Wo          , Ds          , Wo          , Wo          , Wo          , Ww          , Mm          , Ww          , Wwf         , Ds          , Rd          , Rr          , Xu          , Xu          , Rd          , Rd          , Wwf         , Wwf         , Xos         , Xos         , Xos         , Xos         , Xos         , Xos         
Xos         , Xu          , Xu          , Xu          , Ww          , Xu          , Xu          , Xu          , Xu          , Xu          , Uh          , Wwf         , Wwf         , Xu          , Ss          , Uu^Uf       , Uu^Uf       , Xu          , Xu          , Wwf         , Wwf         , Rd          , Ds          , Chw         , Wo          , Ww          , Wwr         , Wwr         , Chw         , Chw         , Uu          , Uu          , Uu          , Re          , Re          , Re          , Uu          , Wo          , Wo          , Ww          , Wwf         , Wwf         , Wwf         , Rd          , Re          , Xu          , Xu          , Hd          , Hd          , Re          , Re          , Wwf         , Dd^Dr       , Xos         , Xos         , Xos         , Xu          
Xos         , Xos         , Xos         , Xu          , Wwf         , Xu          , Uu          , Uu          , Uu          , Xu          , Uh          , Uu^Uf       , Wwf         , Xu          , Xu          , Uu^Uf       , Ss          , Uh          , Uu          , Re          , Wwf         , Ds          , Ww          , Ww          , Wo          , Wo          , Chw         , 2 Khw       , Chw         , Ds          , Chr         , Uh          , Xu          , Uu          , Uu          , Uu          , Uh          , Uu          , Wo          , Ww          , Wwf         , Xu          , Xu          , Wwf         , Wwr         , Re          , Uh          , Xu          , Xu          , Xu          , Uu^Vu       , Wwf         , Re^Uf       , Xos         , Xos         , Xu          , Xu          
Xos         , Kud         , Xos         , Xos         , Uu          , Wwf         , Wwf         , Xu          , Uh          , Uu          , Xu          , Uu^Vud      , Xu          , Uu          , Xu          , Xu          , Xu          , Xu          , Uh          , Re          , Re          , Wwf         , Ww          , Ww          , Wo          , Wo          , Ww^Vm       , Chw         , Uu          , Uu          , Xu          , Xu          , Xu          , Uh          , Xu          , Dd^Dc       , Uh          , Uu          , Wo          , Ww          , Wwf         , Xu          , Xu          , Uu^Vu       , Rd          , Ww          , Rd          , Xu          , Xos         , Xu          , Xu          , Wwf         , Wwf         , Chr         , Xos         , Xu          , Xu          
Xos         , Xos         , Cud         , Uu          , Xos         , Xos         , Wwf         , Xu          , Wwf         , Xu          , Xu          , Xu          , Wwf         , Wwf         , Wwf         , Xu          , Uu^Vud      , Xu          , Re          , Re          , Wwf         , Wwf         , Chw         , Xu          , Wo          , Wo          , Wo          , Chw         , Uh          , Uh          , Xu          , Xu          , Ql          , Xu          , Xu          , Uh          , Uu          , Uu          , Wo          , Ww^Vm       , Xu          , Uh          , Xu          , Xu          , Ds          , Ww          , Ds          , Uu          , Uu^Ii       , Xu          , Uu          , Uu          , Chw         , 3 Kh        , Xos         , Xu          , Xu          
Xos         , Xos         , Cud         , Uu          , Uu          , Xos         , Wwf         , Wwf         , Wwf         , Xu          , Wwf         , Wwf         , Xu          , Wwr         , Xu          , Wwf         , Wwf         , Wwf         , Wwf         , Wwf         , Dd^Dr       , Ds          , Xu          , Ww          , Wo          , Wo          , Wo          , Uu          , Uh          , Uu          , Xu          , Ql          , Ql          , Ql          , Xu          , Re          , Wwr         , Wo          , Ww          , Ww          , Wwf         , Xu          , Xu          , Xos         , Ds          , Ww          , Ww          , Ds          , Rd          , Uh          , Wwf         , Chw         , Wwf         , Chr         , Xos         , Xu          , Xu          
Xos         , Xos         , Xos         , Uu          , Uu          , Xos         , Xos         , Ww^Vm       , Wwf         , Wwf         , Wwf         , Wwf         , Xu          , Xu          , Ww          , Xu          , Xu          , Xu          , Uh          , Wwf         , Wwf         , Ds          , Wwr         , Ww          , Mm          , Wo          , Wo          , Re          , Re          , Dd^Dr       , Xu          , Xu          , Xu          , Xu          , Xu          , Uu          , Wwr         , Wo          , Ww          , Wwf         , Wwf         , Chw         , Dd^Dr       , Xu          , Wwf         , Wwf         , Wwf         , Ww^Vm       , Wwf         , Wwf         , Wwf         , Wwf         , Xu          , Wwr         , Ww^Vm       , Xu          , Xu          
Uh          , Xos         , Xos         , Uu          , Uu          , Uh          , Uh          , Xos         , Xos         , Wwf         , Xu          , Xu          , Ww          , Ww          , Wo          , Ww          , Wwf         , Xu          , Xu          , Re          , Re          , Wwf         , Wwf         , Ww          , Ww          , Wo          , Wo          , Wo          , Wwr         , Uu^Uf       , Uu          , Xu          , Uh          , Xu          , Uh          , Uu          , Wo          , Wo          , Ww          , Xu          , Ww          , Wwf         , Wwf         , Wwf         , Uh          , Uu          , Wwf         , Wwr         , Wwf         , Wwf         , Xu          , Xu          , Wwr         , Wwr         , Wo          , Xu          , Wo          
Xos         , Uh          , Uh          , Uh          , Wwf         , Wwf         , Wwf         , Xos         , Wo          , Wwf         , Xu          , Uh          , Ww          , Wo          , Wo          , Ww          , Wwf         , Wwf         , Wwf         , Xu          , Xu          , Re          , Ds          , Xu          , Wwr         , Ww          , Ww          , Wo          , Wo          , Uu          , Uu          , Uu          , Re          , Uh          , Ds          , Uu          , Wo          , Wo          , Wwr         , Xu          , Wwf         , Wwf         , Wwf         , Wwf         , Wwf         , Uu^Ii       , Wwf         , Wwf         , Uu          , Ds          , Xu          , Xu          , Xu          , Wo          , Wo          , Wo          , Wo          
Uu          , Uu          , Wwf         , Wwf         , Uu          , Wwf         , Wwf         , Xos         , Ww          , Wwf         , Xu          , Uh          , Uu          , Ww          , Ww          , Ww          , Xu          , Xu          , Uh          , Wwf         , Wwf         , Rd          , Wwf         , Wwf         , Ds          , Ww          , Ww          , Ww          , Wo          , Wo          , Wo          , Wo          , Wo          , Uh          , Wo          , Wo          , Wo          , Wo          , Xu          , Xu          , Wwr         , Xu          , Wwf         , Uh          , Mm          , Wwf         , Xu          , Wwr         , Wwf         , Uu^Ii       , Uh          , Xu          , Xu          , Xu          , Xu          , Wo          , Wo          
Uu          , Wwf         , Wwf         , Uu          , Uh          , Xos         , Wwf         , Xos         , Ww          , Wwf         , Wwf         , Xu          , Uu^Uf       , Uu          , Uh          , Uh          , Xu          , Uh          , Xu          , Xu          , Xu          , Wwf         , Wwf         , Rd          , Rd          , Ds          , Ds          , Ww^Vm       , Ww          , Wo          , Wo          , Wwr         , Wo          , Wo          , Wo          , Wo          , Wo          , Wo          , Uh          , Xu          , Wwf         , Xu          , Ds          , Wwf         , Wwf         , Rd          , Ds          , Xu          , Rd          , Wwf         , Ww          , Uu^Vu       , Hd          , Xu          , Xu          , Wo          , Wo          
Xos         , Wwf         , Uh          , Uh          , Qxu         , Xos         , Wwf         , Ww          , Ww          , Wwf         , Wwf         , Xu          , Xu          , Uh          , Xu          , Xu          , Xu          , Uu          , Uu^Vud      , Xu          , Cud         , Xu          , Uh          , Wwf         , Wwf         , Rd          , Ds          , Xu          , Wwr         , Ww          , Xu          , Wo          , Xu          , Wo          , Wo          , Mm          , Wo          , Wo          , Xu          , Xu          , Wwf         , Xu          , Xu          , Rd          , Rd          , Wwf         , Wwf         , Rr          , Wwf         , Wwf         , Rd          , Ww          , Wwf         , Xu          , Xu          , Wo          , Xu          
Xos         , Wwf         , Uu^Uf       , Uh          , Uh          , Xos         , Xos         , Wwf         , Wwf         , Wwf         , Xu          , Wwf         , Wwf         , Xu          , Xu          , Xu          , Uh          , Uu          , Xu          , Xu          , Xu          , Xu          , Xu          , Uh          , Uu          , Wwf         , Wwf         , Ds          , Ds          , Xu          , Xu          , Uh          , Xu          , Xu          , Wo          , Wo          , Wo          , Ww^Vm       , Xu          , Xu          , Wwf         , Uh          , Xu          , Uu^Vu       , Ds          , Rd          , Re          , Wwf         , Re^Uf       , Xu          , Xu          , Rd          , Wwf         , Xu          , Xu          , Wo          , Xu          
Xos         , Wwf         , Wwf         , Wwf         , Wwf         , Uh          , Uh          , Xos         , Xu          , Xu          , Uh          , Xu          , Xu          , Wwf         , Wwf         , Xu          , Uh          , Ss          , Xu          , Xu          , Wo          , Wo          , Wo          , Xu          , Xu          , Uu          , Uu^Uf       , Wwf         , Wwf         , Xu          , Re^Uf       , Xu          , Ww          , Wo          , Wo          , Wo          , Ww          , Xu          , Ds          , Ds          , Xu          , Wwf         , Hd          , Xu          , Xu          , Xu          , Re          , Re          , Wwf         , Xu          , Xos         , Xu          , Wwf         , Xu          , Xu          , Ww          , Ww          
Xos         , Uu^Uf       , Uh          , Wwf         , Uu^Ii       , Kud         , Uh          , Xos         , Xos         , Uh^Ii       , Xos         , Uh          , Uh          , Xu          , Uu^Vud      , Wwf         , Wwf         , Xu          , Xu          , Xu          , Xu          , Wo          , Wo          , Xu          , Xu          , Xu          , Uu          , Uu^Uf       , Wwf         , Rd          , Wwf         , Ds          , Ww          , Wo          , Wo          , Wo          , Xu          , Wwf         , Xu          , Xu          , Wwr         , Ww          , Ds          , Xu          , Xu          , Uu^Uf       , Wwf         , Wwf         , Dd^Dr       , Wwf         , Chw         , Wwr         , Chw         , Ww          , Xu          , Ww          , Xu          
Xos         , Xos         , Uh          , Kud         , Wo          , Wo          , Xos         , Xos         , Wwf         , Xos         , Uu^Uf       , Xos         , Uh          , Xu          , Xu          , Xu          , Xu          , Wwf         , Wwf         , Xu          , Xu          , Wo          , Ww^Vm       , Xu          , Xu          , Uu^Vu       , Uu          , Wwf         , Dd^Dr       , Wwf         , Ds          , Wwf         , Wo          , Wo          , Wo          , Wo          , Xu          , Xu          , Ww^Vm       , Wo          , Wo          , Ww          , Xu          , Xu          , Uu          , Wwf         , Wwf         , Ds          , Xu          , Xu          , Wwr         , Chw         , Wo          , Wo          , Xu          , Ww          , Xu          
Xos         , Xos         , Xos         , Uh          , Xos         , Mm          , Xos         , Ww          , Xos         , Wwf         , Uu^Uf       , Xos         , Xos         , Uh          , Uh          , Xu          , Xu          , Wwf         , Xu          , Wwf         , Wwf         , Ww          , Ww          , Xu          , Xu          , Uh          , Wwf         , Wwf         , Ds          , Ds          , Xu          , Ww          , Wo          , Wo          , Xu          , Xu          , Xu          , Xu          , Xu          , Xu          , Wo          , Xu          , Xos         , Ds          , Wwf         , Wwf         , Uu^Vu       , Xu          , Hd          , Xu          , Ww^Vm       , Ww          , Wo          , Wo          , Wo          , Wo          , Wo          
Xos         , Xos         , Xos         , Xos         , Xos         , Xos         , Wo          , Wo          , Ww          , Wwf         , Wwf         , Xos         , Cud         , Xos         , Xos         , Uh          , Wwf         , Wwf         , Xu          , Xos         , Xu          , Wwf         , Xu          , Wwf         , Wwf         , Rd          , Wwf         , Xu          , Wwr         , Ww          , Wo          , Wo          , Wo          , Wo          , Ww          , Wwf         , Wwf         , Wo          , Xu          , Wo          , Xu          , Xu          , Xos         , Re          , Wwf         , Re          , Xu          , Xu          , Dd^Dr       , Ds          , Xu          , Ww          , Wo          , Wo          , Wo          , Wo          , Wo          
Xos         , Xos         , Wo          , Wo          , Wo          , Wo          , Wo          , Wo          , Ww          , Wwf         , Wwf         , Xos         , Wwf         , Xos         , Chw         , Xu          , Wwf         , Xu          , Xu          , Xu          , Xu          , Xu          , Xu          , Xu          , Rd          , Wwf         , Ds          , Wwf         , Wwr         , Wo          , Wo          , Wo          , Xu          , Uh          , Uu^Vu       , Xu          , Xu          , Wwr         , Wwf         , Ww          , Xu          , Xu          , Xos         , Chr         , Wwf         , Rr          , Hd          , Ds          , Ds          , Xu          , Xu          , Ww          , Ww          , Chw         , Xu          , Wo          , Wo          
Xos         , Xos         , Wo          , Wo          , Ww          , Ww          , Ww          , Wo          , Ww          , Wwf         , Wwf         , Wwf         , Wwf         , Wwf         , Wwf         , Wwf         , Ww          , Wwf         , Wwf         , Xu          , Wwf         , Uh          , Xu          , Xu          , Re          , Rd          , Rd          , Ds          , Xu          , Wo          , Wo          , Wo          , Wo          , Uh          , Xu          , Xu          , Xu          , Uh          , Wwf         , Uu^Uf       , Xu          , Xu          , Xos         , Chr         , Wwf         , Re          , Uu          , Xu          , Xu          , Ds          , Hd          , Xu          , Ww          , Xu          , Wo          , Wo          , Xu          
Xos         , Wo          , Wo          , Chw         , Wo          , Wo          , Ww          , Ww          , Xos         , Wwf         , Wwf         , Xos         , Cud         , Xos         , Xos         , Wwf         , Wwf         , Wwf         , Xu          , Wwf         , Uu          , Wwf         , Xu          , Xu          , Xu          , Re          , Rd          , Ds          , Wwr         , Ww          , Wo          , Wo          , Wo          , Wo          , Xu          , Xu          , Xu          , Xu          , Wwf         , Xu          , Xu          , Xu          , Xu          , Ds          , Wwf         , Wwr         , Wwf         , Uh          , Xu          , Ds          , Uu          , Xu          , Ww          , Xu          , Wo          , Wo          , Xu          
Xos         , Wo          , Wo          , Wo          , Wo          , Xos         , Xos         , Wwf         , Wwf         , Wwf         , Uh          , Xos         , Xos         , Xos         , Uu^Vu       , Wwf         , Wwf         , Xu          , Xu          , Xu          , Xu          , Wwf         , Wwf         , Xu          , Wwf         , Wwf         , Wwf         , Ds          , Wwf         , Ww          , Wo          , Mm          , Wo          , Wo          , Wwr         , Uu^Vud      , Uh          , Xu          , Xu          , Wwf         , Wwf         , Xu          , Re          , Re          , Wwf         , Ww          , Wwf         , Uu          , Xu          , Xu          , Xu          , Ww          , Xu          , Xu          , Xu          , Xu          , Qxu         
Xos         , Wo          , Wwf         , Wwf         , Wwf         , Wo          , Wo          , Xos         , Xos         , Xos         , Cud         , Uh          , Uh          , Xu          , Xu          , Uh          , Wwf         , Xu          , Xu          , Xu          , Xu          , Xu          , Wwf         , Wwf         , Re          , Xu          , Xu          , Chw         , Chw         , Ww          , Ww          , Wo          , Wo          , Wo          , Ww          , Uu^Uf       , Xu          , Xu          , Xu          , Xu          , Xu          , Wwf         , Wwf         , Mm          , Wwf         , Wwf         , Xu          , Wwf         , Wwf         , Wwf         , Wwf         , Ww          , Xu          , Xu          , Qxu         , Qxu         , Xu          
Xos         , Wo          , Wwf         , Wo          , Wwf         , Wo          , Wo          , Xos         , Xu          , Xu          , Xu          , Xu          , Xu          , Cud         , Xu          , Xu          , Wwf         , Uh          , Xu          , Xu          , Xu          , Xu          , Wwf         , Xu          , Xu          , Uh          , Uh          , Khw         , Chw         , Wwf         , Wwf         , Xu          , Wo          , Wo          , Ww          , Xu          , Xu          , Uh          , Uu          , Xu          , Rd          , Rd          , Xu          , Wwf         , Re          , Uu^Vu       , Xu          , Xu          , Xu          , Xu          , Xu          , Uh          , Qxu         , Xu          , Qxu         , Xu          , Xu          
Xos         , Wo          , Wo          , Wwf         , Wo          , Wo          , Wo          , Xos         , Xu          , Xu          , Xu          , Xu          , Xu          , Xu          , Xu          , Xu          , Wwf         , Wwf         , Wwf         , Xu          , Xu          , Xu          , Wwf         , Xu          , Xu          , Uh          , Chw         , Wwf         , Wwf         , Wwf         , Wwf         , Ww^Vm       , Wo          , Wo          , Ww          , Xu          , Xu          , Uu          , Wwf         , Wwf         , Wwf         , Xu          , Wwf         , Wwf         , Ds          , Xu          , Qxu         , Qxu         , Qxu         , Qxu         , Qxu         , Qxu^Bs|     , Uu          , Qxu         , Xos         , Xu          , Xu          
Xos         , Xos         , Wo          , Wo          , Wo          , Wo          , Xos         , Xos         , Ww^Vm       , Ww          , Ww          , Ww          , Ww          , Xu          , Wwf         , Wwf         , Uu^Uf       , Uh          , Wwf         , Xu          , Xu          , Xu          , Wwf         , Xu          , Wwf         , Chw         , Wwf         , Wwf         , Wwf         , Wwr         , Ww          , Ww          , Wo          , Wo          , Ww          , Xu          , Wwr         , Wwf         , Xu          , Xu          , Wwf         , Xu          , Wwf         , Xu          , Xu          , Qxu         , Xu          , Xu          , Xu          , Xu          , Xos         , Rr          , Rr          , Uu          , Uh          , Xos         , Xu          
Xos         , Xos         , Xos         , Wo          , Wo          , Wo          , Xos         , Xu          , Xu          , Ww          , Wo          , Wo          , Ww          , Wwf         , Xu          , Xu          , Xu          , Xu          , Xu          , Wwf         , Wwf         , Wwf         , Uu^Vud      , Wwf         , Re          , Wwf         , Wwf         , Wwf         , Xu          , Ww          , Wo          , Wo          , Wo          , Wo          , Ww          , Xu          , Uu          , Xu          , Xu          , Uu^Vu       , Rd          , Wwf         , Re          , Xu          , Xu          , Qxu         , Qxu         , Xu          , Xos         , Xos         , Uu^Vud      , Uu          , Rr          , Uu          , Uh          , Xos         , Xu          
Xu          , Xu          , Xu          , Xos         , Xos         , Xos         , Xu          , Xu          , Wwr         , Ww          , Wo          , Wo          , Wo          , Ww          , Wwr         , Xu          , Xu          , Xu          , Xu          , Uu          , Xu          , Xu          , Xu          , Re          , Wwf         , Wwf         , Rd          , Ds          , Wo          , Wo          , Wo          , Wo          , Wo          , Wo          , Xu          , Ds          , Uh          , Xu          , Xu          , Xu          , Ds          , Wwf         , Re          , Uh          , Xu          , Qxu         , Xu          , Qxu         , Rr          , Xos         , Rr          , Uu          , Cud         , Cud         , Uh          , Xos         , Xu          
Xu          , Xu          , Xu          , Xu          , Xu          , Xu          , Xu          , Xu          , Wwr         , Ww          , Ww          , Ww          , Ww          , Ww          , Ww          , Xu          , Xu          , Xu          , Uh          , Uu          , Uu          , Uu^Uf       , Wwf         , Wwf         , Xu          , Xu          , Xu          , Xu          , Wo          , Wo          , Wo          , Wo          , Ww          , Ww          , Xu          , Re          , Xu          , Xu          , Xu          , Xu          , Ww          , Wwf         , Rd          , Re          , Re          , Uh          , Uh          , Qxu^Bs/     , Uh          , Rr          , Uh          , Cud         , Cud         , Cud         , Uh          , Xos         , Xu          
Xu          , Xu          , Xu          , Xu          , Xu          , Xu          , Xos         , Xu          , Wwf         , Wwf         , Wwf         , Wwf         , Wwf         , Wwf         , Wwf         , Xu          , Xu          , Ss          , Uu          , Uh          , Wwf         , Wwf         , Dd^Dr       , Xu          , Xu          , Xu          , Wo          , Wo          , Wo          , Wo          , Xu          , Ww^Vm       , Xu          , Ww          , Wwr         , Re          , Xu          , Xu          , Xu          , Wo          , Wo          , Wwf         , Wwf         , Re          , Uh          , Xu          , Xu          , Qxu         , Xu          , Xu          , Xu          , Xos         , Uh          , 7 Kud       , Xos         , Xos         , Xu          
Xu          , Xu          , Xu          , Xu          , Xos         , Xos         , Cud         , Uu          , Xos         , Xu          , Xu          , Xu          , Xu          , Xu          , Re          , Xu          , Xu          , Uu          , Wwf         , Wwf         , Rd          , Rd          , Xu          , Xu          , Wo          , Wo          , Wo          , Wo          , Ww          , Ww          , Ds          , Ds          , Rr          , Re          , Xos         , Ww          , Ww          , Xu          , Xu          , Wo          , Ww          , Ww          , Rd          , Wwf         , Xu          , Xu          , Xu          , Qxu         , Qxu         , Xu          , Qxu         , Qxu         , Uh          , Xos         , Xu          , Xu          , Xu          
Xu          , Xu          , Xu          , Xos         , Qxu         , Cud         , Kud         , Cud         , Qxu         , Xos         , Qxu         , Xu          , Xu          , Xu          , Xu          , Chr         , Wwf         , Wwf         , Re          , Wwf         , Wwr         , Ww^Vm       , Wo          , Wo          , Wo          , Wo          , Wo          , Wo          , Ww          , Xu          , Rr          , Rr          , Chr         , Xos         , Xos         , Xos         , Ww          , Xu          , Xu          , Xu          , Uu^Uf       , Wwr         , Rd          , Wwf         , Uh          , Xu          , Uh          , Xu          , Qxu         , Qxu         , Xu          , Xu          , Xu          , Uu          , Uu          , Xu          , Xu          
Qxu         , Xu          , Xu          , Xos         , Uh          , Cud         , Cud         , Cud         , Qxu         , Qxu         , Xos         , Qxu         , Xu          , Xu          , Xu          , Xu          , Wwf         , Re          , Uu^Vud      , Rd          , Xu          , Wo          , Wo          , Wo          , Uh          , Uu          , Wo          , Wo          , Ww          , Rd          , Rr          , Chr         , Khr         , Xos         , Xos         , Xos         , Ww          , Xu          , Xu          , Xu          , Xu          , Rd          , Rd          , Wwf         , Uu          , Xu          , Uu^Uf       , Qxu         , Xu          , Qxu         , Qxu         , Xu          , Qxu         , Xu          , Qxu^Bs|     , Xu          , Qxu         
Xu          , Xu          , Xu          , Uh          , Uu          , Uu          , Qxu         , Qxu         , Uu^Ii       , Xos         , Xu          , Xu          , Xu          , Xu          , Ss          , Xu          , Wwf         , Re          , Xu          , Xu          , Xu          , Wo          , Wo          , Uh          , Xu          , Uh          , Wo          , Wo          , Ww          , Rd          , Rr          , Chr         , Chr         , Xos         , Xos         , Xos         , Xos         , Ww          , Wwf         , Uu^Vu       , Re          , Re          , Ds          , Wwf         , Xu          , Xu          , Uh          , Qxu         , Xu          , Xu          , Xos         , Qxu         , Xos         , Qxu         , Uu          , Qxu         , Xu          
Xu          , Xu          , Cud         , Uu^Ii       , Cud         , Xos         , Xos         , Qxu         , Xos         , Xos         , Xu          , Xu          , Ce          , Uu          , Uu          , Uh          , Wwf         , Rd          , Xu          , Xu          , Xu          , Wo          , Wo          , Uh          , Uh          , Uh          , Wo          , Wo          , Ww          , Xu          , Xu          , Rr          , Rr          , Chr         , Rr          , Rr          , Re          , Re          , Wwf         , Wwf         , Ww          , Ds          , Wwf         , Wwf         , Xu          , Xu          , Xu          , Qxu         , Qxu         , Xos         , Ql          , Xos         , Xos         , Uh          , Rr          , Xu          , Xu          
Xu          , Xu          , Uu          , Uu          , Xu          , Xu          , Xu          , Xos         , Xu          , Xu          , Xu          , Ce          , 4 Ke        , Ce          , Rd          , Rd          , Wwf         , Xu          , Xu          , Xu          , Wo          , Wo          , Wo          , Uu          , Wo          , Wo          , Wo          , Wo          , Ww          , Xu          , Rd          , Re          , Re          , Rr          , Re          , Re          , Ds          , Re          , Re          , Ww          , Ww          , Wwf         , Xu          , Xu          , Xu          , Xu          , Xu          , Qxu         , Xos         , Uu          , Uu          , Uu          , Rr          , Rr          , Xos         , Xos         , Xos         
Ql          , Xu          , Uu          , Uh          , Xu          , Xu          , Xu          , Xu          , Xu          , Xu          , Xu          , Ce          , Ce          , Ce          , Wwf         , Wwf         , Ww          , Wo          , Wo          , Wo          , Wo          , Mm          , Wo          , Wo          , Wo          , Wo          , Wwr         , Ww          , Rd          , Rd          , 1 Re        , Re          , Rd          , Re          , Ds          , Ds          , Ds          , Ds          , Xu          , Xu          , Ww          , Xu          , Xu          , Xu          , Xu          , Xu          , Uu^Vud      , Rr          , Rr          , Rr          , Rr          , Rr          , Uh          , Rr          , Rr          , Uh          , Uh          
Ql          , Xu          , Uu          , Xu          , Uu^Vud      , Xu          , Xu          , Xu          , Xu          , Xu          , Xu          , Xu          , Xu          , Wwf         , Wwf         , Wwr         , Wo          , Wo          , Wo          , Wo          , Wo          , Wo          , Wo          , Wo          , Xu          , Wwr         , Xu          , Xu          , Ds          , Rd          , Rd          , Rd          , Xu          , Uu^Vud      , Xu          , Xu          , Xu          , Xu          , Xu          , Xu          , Ww          , Ww          , Xu          , Xu          , Xu          , Xu          , Ww          , Xu          , Xu          , Xu          , Xos         , Xos         , Ql          , Qlf         , Rr          , Qlf         , Uh          
Ql          , Xu          , Uu          , Uu          , Uh          , Xu          , Xu          , Xu          , Xu          , Xu          , Xu          , Xu          , Xu          , Wwf         , Ww^Vm       , Ww          , Wo          , Wo          , Wo          , Wo          , Wo          , Wo          , Xu          , Xu          , Xu          , Xu          , Xu          , Xu          , Ds          , Re          , Rd          , Xu          , Xu          , Xu          , Xu          , Xu          , Xu          , Xu          , Xu          , Xu          , Xu          , Ww          , Ww          , Xu          , Xu          , Xu          , Ww          , Xu          , Xu          , Xu          , Xos         , Ql          , Ql          , Rr          , Ql          , Ql          , Ql          
Xu          , Xu          , Uu^Ii       , Uu          , Uh          , Xu          , Xu          , Xu          , Xu          , Xu          , Uu^Ii       , Uh^Ii       , Wwf         , Wwf         , Wo          , Wo          , Wo          , Wo          , Ww          , Ww          , Xu          , Xu          , Xu          , Xu          , Xu          , Xu          , Xu          , Xu          , Ds          , Rd          , Re          , Xu          , Xu          , Xu          , Xu          , Xu          , Xu          , Xu          , Xu          , Xu          , Xu          , Xu          , Ww          , Ww          , Ds          , Xu          , Ww          , Xu          , Xu          , Xos         , Ql          , Ql          , Ql          , Cud         , Ql          , Ql          , Xos         
Xu          , Xu          , Uh^Ii       , Uh^Ii       , Xu          , Xu          , Mm^Xm       , Xu          , Xu          , Uh^Ii       , Wwf         , Wwf         , Wwr         , Wo          , Wo          , Wo          , Ww          , Ww          , Xu          , Xu          , Xu          , Xu          , Xu          , Xu          , Xu          , Xu          , Xu          , Xu          , Uu^Ii       , Uu^Ii       , Uu^Ii       , Xu          , Xu          , Xu          , Xu          , Xu          , Xu          , Xu          , Xu          , Xu          , Xu          , Ww          , Wo          , Wo          , Wo          , Xu          , Wo          , Ww          , Ww          , Xos         , Ql          , Ql          , Ql          , Ql          , Ql          , Ql          , Ql          
Ql          , Xu          , Xu          , Mm          , Mm^Xm       , Mm^Xm       , Hh          , Hh          , Wwf         , Wwf         , Ww          , Ww          , Wo          , Wo          , Wo          , Wo          , Ww          , Xu          , Xu          , Xu          , Xu          , Xu          , Xu          , Xu          , Xu          , Xu          , Xu          , Xu          , Xu          , Gg          , Gg          , Xu          , Xu          , Xu          , Xu          , Xu          , Xu          , Xu          , Xu          , Xu          , Xu          , Ww          , Ww          , Wo          , Ww          , Wo          , Wo          , Wo          , Ww          , Xos         , Xos         , Ql          , Ql          , Qlf       , Ql          , Ql          , Ql          
Ql          , Xu          , Mm^Xm       , Mm          , Hh          , Hh          , Gs^Fp       , Gs          , Wwf         , Wwf         , Wwr         , Ww          , Wo          , Wo          , Wo          , Wo          , Ww          , Uh^Ii       , Xu          , Xu          , Xu          , Xu          , Xu          , Xu          , Xu          , Xu          , Xu          , Xu          , Gg^Fet      , Gg^Fet      , Gg^Fet      , Xu          , Xu          , Xu          , Xu          , Xu          , Xu          , Xu          , Xu          , Xu          , Xu          , Ds          , Xu          , Ww          , Xu          , Ww          , Wo          , Ww          , Wwf         , Xu          , Xos         , Ql          , Ql          , Ql          , Ql          , Ql          , Ql          
Xu          , Xu          , Mm^Xm       , Mm^Xm       , Mm^Xm       , Hh          , Gs^Fp       , Gs          , Wwf         , Wwf         , Ww          , Ww          , Wo          , Wo          , Wo          , Wo          , Ww          , Uu^Ii       , Xu          , Xu          , Xu          , Xu          , Xu          , Xu          , Gg^Fet      , Gg^Fet      , Gg^Fet      , Gg^Fet      , Gg^Fet      , Gg^Fet      , Gg^Fet      , Gg^Fet      , Gg^Fet      , Xu          , Xu          , Xu          , Xu          , Xu          , Xu          , Xu          , Xu          , Xu          , Xu          , Xu          , Xu          , Xu          , Xu          , Xu          , Xu          , Xu          , Xu          , Xos         , Xos         , Ql          , Ql          , Ql          , Ql          
