border_size=1
usage=map

Gs^Ft       , Gs^Ft       , Gs^Ft       , Gs^Ft       , Gs^Ft       , Dd          , Hh          , Dd          , Hh          , Dd          , Dd          , Gs          , Rp          , Gs          , Gs          , Gs          , Gs          , Gs          , Dd          , Gs          , Gs          , Gs          , Gs          , Gs          , Gs          , Ds          , Ds          , Ww          , Ww          , Wo          , Wo          , Wo          , Wo          , Wo          , Wo          , Wo          , Wo          , Wo          , Wo          , Wo          , Wo          , Wo          , Wo          , Wo          , Wo          , Wo          , Wo          , Wo          , Wo          , Wo          , Wo          , Wo          
Gs^Ft       , Gs^Ft       , Gs^Ft       , Gs^Ft       , Gs^Ft       , Hh          , Dd          , Hh          , Dd          , Dd          , Gs          , Gs          , Rp          , Gs          , Dd          , Hh          , Gs          , Gs          , Gs          , Gs          , Gs          , Gs          , Dd          , Hh          , Dd          , Gs          , Gs          , Ds          , Ww          , Wo          , Wo          , Wo          , Wo          , Wo          , Wo          , Wo          , Wo          , Wo          , Wo          , Wo          , Wo          , Wo          , Wo          , Wo          , Wo          , Wo          , Wo          , Wo          , Wo          , Wo          , Wo          , Wo          
Gs^Ft       , Gs^Ft       , Hh          , Gs^Ft       , Gs^Ft       , Gs          , Gs          , Dd          , Dd^Vdt      , Gs          , Gs          , Gs          , Rp          , Gs          , Gs          , Dd          , Gs          , Gs          , Gs          , Gs          , Dd^Vdt      , Gs          , Gs          , Dd          , Hh          , Dd          , Gs          , Ds          , Hh          , Ww          , Ww          , Wo          , Wo          , Wo          , Wo          , Wo          , Wo          , Wo          , Wo          , Wo          , Wo          , Wo          , Wo          , Wo          , Wo          , Wo          , Wo          , Wo          , Wo          , Wo          , Wo          , Wo          
Gs^Ft       , Gs^Ft       , Gs^Ft       , Gs^Ft       , Gs^Ft       , Gs^Ft       , Dd^Vdt      , Dd^Vdt      , Ke          , Dd^Vdt      , Dd^Vdt      , Gs          , Rp          , Gs          , Dd          , Gs          , Gs          , Gs          , Dd^Vdt      , Dd^Vdt      , Ke          , Dd^Vdt      , Dd^Vdt      , Gs          , Hh          , Dd          , Dd          , Gs          , Hh          , Hh          , Mm          , Ww          , Wo          , Wo          , Wo          , Wo          , Wo          , Wo          , Wo          , Wo          , Wo          , Wo          , Wo          , Wo          , Wo          , Wo          , Wo          , Wo          , Wo          , Wo          , Wo          , Wo          
Gs^Ft       , Gs^Ft       , Gs^Ft       , Gs^Ft       , Gs^Ft       , Gs^Ft       , Gs^Ft       , Ke          , 4 Ke        , Ke          , Dd^Vdt      , Gs          , Rp          , Gs          , Hh          , Hh          , Dd          , Gs          , Dd^Vdt      , Ke          , 5 Ke        , Ke          , Dd^Vdt      , Gs          , Dd          , Dd          , Hh          , Gs          , Ds          , Ds          , Ww          , Ww          , Wo          , Wo          , Wo          , Wo          , Wo          , Wo          , Wo          , Wo          , Wo          , Wo          , Wo          , Wo          , Wo          , Wo          , Wo          , Wo          , Wo          , Wo          , Wo          , Wo          
Gs^Ft       , Gs^Ft       , Hh          , Gs^Ft       , Gs^Ft       , Gs^Ft       , Gs^Ft       , Ke          , Ke          , Ke          , Dd^Vdt      , Gs          , Rp          , Dd          , Hh          , Dd          , Dd          , Gs          , Dd^Vdt      , Ke          , Ke          , Ke          , Dd^Vdt      , Gs          , Gs          , Hh          , Gs          , Ds          , Ww          , Ww          , Wo          , Wo          , Wo          , Wo          , Wo          , Wo          , Wo          , Wo          , Wo          , Wo          , Wo          , Wo          , Wo          , Wo          , Wo          , Wo          , Wo          , Wo          , Wo          , Wo          , Wo          , Wo          
Gs^Ft       , Gs^Ft       , Hh          , Gs^Ft       , Hh          , Gs^Ft       , Gs^Ft       , Gs^Ft       , Dd^Vdt      , Dd^Vdt      , Gs          , Gs          , Rp          , Hh          , Dd          , Hh          , Hh          , Gs          , Gs          , Dd^Vdt      , Dd^Vdt      , Dd^Vdt      , Gs          , Gs          , Gs          , Gs          , Gs          , Ds          , Ww          , Ww          , Wo          , Wo          , Wo          , Wo          , Wo          , Wo          , Wo          , Wo          , Wo          , Wo          , Wo          , Wo          , Wo          , Wo          , Wo          , Wo          , Wo          , Wo          , Wo          , Wo          , Wo          , Wo          
Gs^Ft       , Gs^Ft       , Gs^Ft       , Hh          , Gs^Ft       , Gs^Ft       , Gs^Ft       , Gs^Ft       , Gs          , Gs          , Dd          , Gs          , Rp          , Gs          , Dd          , Hh          , Dd^Vdt      , Dd          , Dd          , Gs          , Gs          , Gs          , Dd          , Gs          , Gs          , Gs          , Ds          , Ds          , Ww          , Wo          , Wo          , Wo          , Wo          , Wo          , Wo          , Wo          , Wo          , Wo          , Wo          , Wo          , Wo          , Wo          , Wo          , Wo          , Wo          , Wo          , Wo          , Wo          , Wo          , Wo          , Wo          , Wo          
Gs^Ft       , Gs^Ft       , Gs^Ft       , Hh          , Gs^Ft       , Gs^Ft       , Dd          , Dd          , Dd          , Hh          , Hh          , Dd          , Rp          , Gs          , Hh          , Dd^Vdt      , Dd^Vdt      , Hh          , Hh          , Gs          , Gs          , Dd          , Hh          , Gs          , Gs          , Ds          , Ww          , Ww          , Wo          , Wo          , Wo          , Wo          , Wo          , Wo          , Wo          , Wo          , Wo          , Wo          , Wo          , Wo          , Wo          , Wo          , Wo          , Wo          , Wo          , Wo          , Wo          , Wo          , Wo          , Wo          , Wo          , Wo          
Gs^Ft       , Gs^Ft       , Gs^Ft       , Gs^Ft       , Gs^Ft       , Gs          , Dd          , Hh          , Dd          , Hh          , Dd          , Dd          , Rp          , Gs          , Hh          , Dd^Vdt      , Dd          , Hh          , Dd          , Gs          , Gs          , Dd          , Gs          , Gs          , Gs          , Ds          , Ww          , Wo          , Wo          , Wo          , Wo          , Wo          , Wo          , Wo          , Wo          , Wo          , Wo          , Wo          , Wo          , Wo          , Wo          , Wo          , Wo          , Wo          , Wo          , Wo          , Wo          , Wo          , Wo          , Wo          , Wo          , Wo          
Hh          , Hh          , Gs^Ft       , Gs^Ft       , Gs^Ft       , Gs          , Gs          , Dd          , Gs          , Dd          , Rp          , Rp          , Gs          , Gs          , Dd          , Dd          , Dd          , Hh          , Gs          , Gs          , Gs          , Gs          , Ds          , Ds          , Hh          , Hh          , Ww          , Wo          , Wo          , Wo          , Wo          , Wo          , Wo          , Wo          , Wo          , Wo          , Wo          , Wo          , Wo          , Wo          , Wo          , Wo          , Wo          , Wo          , Ww          , Ww          , Ww          , Wo          , Wo          , Wo          , Wo          , Wo          
Gs^Ft       , Hh          , Ke          , Gs^Ft       , Gs^Ft       , Gs          , Gs          , Gs          , Rp          , Rp          , Gs          , Gs          , Gs          , Gs          , Gs          , Hh          , Gs          , Gs          , Gs          , Gs          , Ds          , Ds          , Ww          , Ww          , Ww          , Ww          , Wo          , Wo          , Wo          , Wo          , Wo          , Wo          , Wo          , Wo          , Wo          , Wo          , Wo          , Wo          , Wo          , Wo          , Wo          , Wo          , Wo          , Wo          , Ww          , Mm^Xm       , Mm          , Ww          , Ww          , Wo          , Wo          , Wo          
Dd          , Ke          , 3 Ke        , Ke          , Dd^Vdt      , Gs          , Rp          , Rp          , Gs          , Gs          , Gs          , Gs          , Gs          , Gs          , Gs          , Gs          , Gs          , Gs          , Ds          , Ds          , Ww          , Ww          , Wo          , Wo          , Wo          , Wo          , Wo          , Wo          , Wo          , Wo          , Wo          , Wo          , Wo          , Wo          , Wo          , Wo          , Wo          , Wo          , Wo          , Wo          , Wo          , Wo          , Wo          , Wo          , Ww          , Mm          , Mm          , Mm          , Ww          , Wo          , Wo          , Wo          
Dd          , Ke          , Ke          , Ke          , Dd^Vdt      , Gs          , Rp          , Gs          , Gs          , Gs          , Gs^Ft       , Gs^Ft       , Gs^Ft       , Gs          , Gs          , Gs          , Gs^Ft       , Rd          , Ww^Bw\      , Ww          , Wo          , Wo          , Wo          , Wo          , Wo          , Wo          , Wo          , Wo          , Wo          , Wo          , Wo          , Wo          , Wo          , Wo          , Wo          , Wo          , Wo          , Wo          , Wo          , Wo          , Wo          , Wo          , Wo          , Ww          , Wwr         , Mm^Xm       , Mm          , Mm          , Mm          , Ww          , Ww          , Wo          
Gs          , Dd^Vdt      , Gs^Ft       , Dd^Vdt      , Gs          , Gs          , Rp          , Gs          , Gs          , Ds          , Gs^Ft       , Hh          , Gs^Ft       , Gs          , Gs^Ft       , Gs^Ft       , Ds          , Ds          , Ww          , Ww^Bw\      , Wo^Bw\      , Wo          , Ds          , Wo          , Wo          , Wo          , Wo          , Wo          , Wo          , Wo          , Wo          , Wo          , Wo          , Wo          , Wo          , Wo          , Wo          , Wo          , Wo          , Wo          , Wo          , Wo          , Ww          , Ww          , Mm          , Mm          , Mm          , Mm          , Mm          , Mm          , Hh          , Ww          
Gs          , Gs          , Gs^Ft       , Gs^Ft       , Gs^Ft       , Gs          , Rp          , Gs          , Gs^Ft       , Gs^Ft       , Ds          , Hh          , Re          , Gs          , Gs^Ft       , Hh          , Ds          , Ww          , Wo          , Wo          , Hh          , Ds          , Re          , Ds          , Wwr         , Wo          , Wo          , Wo          , Wo          , Wo          , Wo          , Wo          , Wo          , Wo          , Wo          , Wo          , Wo          , Wo          , Wo          , Wo          , Wo          , Wo          , Ww          , Mm          , Mm          , Mm          , Hh          , Hh          , Hh          , Mm          , Hh          , Gs          
Gs          , Gs          , Gs^Ft       , Hh          , Gs^Ft       , Gs          , Rp          , Ds          , Gs^Ft       , Re          , Re          , Ss          , Ss          , Gs^Ft       , Re          , Gs^Ft       , Ds          , Ww          , Wo          , Wwr         , Gs^Ft       , Re          , Gs^Ft       , Hh          , Hh          , Ww          , Wo          , Wo          , Wo          , Wo          , Wo          , Wo          , Wo          , Wo          , Wo          , Wo          , Wo          , Wo          , Wo          , Wo          , Wo          , Wo          , Ww          , Hh          , Mm^Xm       , Mm          , Hh          , Hh          , Hh          , Hh          , Gs          , Gs          
Gs          , Hh          , Gs^Ft       , Ds          , Ss          , Gs^Ft       , Rp          , Gs^Ft       , Hh          , Gs^Ft       , Ss          , Ss          , Re          , Ss          , Ss          , Gs^Ft       , Ds          , Ww          , Wo          , Wwr         , Gs^Ft       , Re          , Re          , Mm          , Hh          , Ww          , Wo          , Wo          , Wo          , Wo          , Wo          , Wo          , Wo          , Wo          , Wo          , Wo          , Wo          , Wo          , Wo          , Wo          , Wo          , Wo          , Wo          , Ww          , Hh          , Hh          , Gs          , Hh          , Gs          , Gs          , Gs          , Gs          
Gs          , Hh          , Gs^Ft       , Re          , Ss          , Re          , Rp          , Gs^Ft       , Re          , Re          , Ss          , Ss          , Re          , Gs^Ft       , Gs^Ft       , Ss          , Ww          , Ww          , Wo          , Wwr         , Ds          , Re          , Gs^Ft       , Hh^Vhh      , Wwr         , Ww          , Wo          , Wo          , Wo          , Wo          , Wo          , Wo          , Wo          , Wo          , Wo          , Wo          , Wo          , Wo          , Wo          , Wo          , Wo          , Wo          , Wo          , Ww          , Ds          , Ds          , Gs          , Gs          , Gs          , Gs          , Gs          , Gs          
Gs          , Gs^Ft       , Gs^Ft       , Gs^Ft       , Ss          , Gs^Ft       , Rp          , Gs^Ft       , Ss          , Ss          , Re          , Ss          , Re          , Gs^Ft       , Ds          , Gs^Ft       , Ds          , Ww          , Wo^Bw/      , Wo^Bw/      , Wo          , Ds          , Gs^Ft       , Wwr         , Ww          , Wo          , Wo          , Wo          , Wo          , Wo          , Wo          , Wo          , Wo          , Wo          , Wo          , Wo          , Wo          , Wo          , Wo          , Wo          , Wo          , Wo          , Wo          , Ww          , Ds          , Ds          , Gs          , Gs^Vht      , Re^Gvs      , Gs          , Gs          , Gs          
Gs          , Gs^Ft       , Ss^Vhs      , Ds          , Ss          , Ss          , Ss^Bw|      , Ss          , Ss          , Ds          , Gs^Ft       , Rd          , Dd^Dc       , Gs^Ft       , Gs^Ft       , Ds          , Rd          , Ww^Bw/      , Ww          , Wo          , Wo          , Wo          , Wo          , Wwr         , Ww          , Ww          , Ww          , Wo          , Wo          , Wo          , Wo          , Wo          , Wo          , Wo          , Wo          , Wo          , Wo          , Wo          , Wo          , Wo          , Wo          , Wo          , Wo          , Ww          , Ds          , Ds          , Gs          , Rp          , Re^Gvs      , Re^Gvs      , Re^Gvs      , Gs          
Gs          , Gs          , Gs^Ft       , Ss          , Hh          , Ss          , Rp          , Ss          , Gs^Ft       , Ss          , Gs^Ft       , Hh          , Gs^Ft       , Gs^Ft       , Gs          , Gs          , Ds          , Ds          , Ww          , Wo          , Wo          , Wo          , Wo          , Wo          , Wwf         , Hh          , Hh          , Ww          , Wo          , Wo          , Wo          , Wo          , Wo          , Wo          , Wo          , Wo          , Wo          , Wo          , Wo          , Wo          , Wo          , Wo          , Wo          , Ww          , Hh          , Ds          , Gs          , Rp          , Re^Gvs      , Re^Gvs      , Re^Gvs      , Gs          
Gs^Ft       , Gs^Ft       , Ds          , Ss          , Ss          , Hh          , Hh          , Rp          , Rp          , Gs^Ft       , Hh          , Hh^Vhh      , Hh          , Gs^Ft       , Gs          , Gs          , Ds          , Ds          , Ww          , Wo          , Wo          , Wo          , Wo          , Wwf         , Gg          , Mm          , Hh          , Ww          , Wo          , Wo          , Wo          , Wo          , Wo          , Wo          , Wo          , Wo          , Wo          , Wo          , Wo          , Wo          , Wo          , Wo          , Ww          , Ww          , Hh          , Gs^Ft       , Gs^Ft       , Rp          , Re^Gvs      , Re^Gvs      , Re^Gvs      , Gs          
Gs^Ft       , Gs^Ft       , Hh          , Hh          , Ss          , Ss^Vhs      , Gs^Ft       , Re          , Gs^Ft       , Rp          , Rp          , Gs^Ft       , Gs^Ft       , Ss          , Gs^Ft       , Gs          , Gs          , Ds          , Ds          , Ww          , Wo          , Wo          , Wo          , Wwf         , Gg          , Ch          , Hh          , Ww          , Wo          , Wo          , Wo          , Wo          , Wo          , Wo          , Wo          , Wo          , Wo          , Wo          , Wo          , Wo          , Wo          , Wo          , Ww          , Hh          , Hh^Vhh      , Re^Uf       , Gs          , Rp          , Re^Gvs      , Re^Gvs      , Re^Gvs      , Gs          
Ss          , Gs^Ft       , Ss          , Ss          , Mm          , Ss          , Mm          , Hh          , Gs^Ft       , Gs          , Gs          , Rp          , Rp          , Gs^Ft       , Gs^Ft       , Gs          , Gs          , Gs          , Ds          , Ww          , Wo          , Wo          , Wo          , Wwf         , Ww          , Ww          , Ww          , Ww          , Wo          , Wo          , Wo          , Wo          , Wo          , Wo          , Wo          , Wo          , Wo          , Wo          , Wo          , Wo          , Wo          , Wo          , Ww          , Hh          , Hh          , Re^Uf       , Gs^Ft       , Rp          , Re^Gvs      , Re^Gvs      , Re^Gvs      , Gs          
Ss          , Ss          , Gs^Ft       , Hh          , Hh          , Ss          , Hh          , Hh          , Gs^Ft       , Gs^Ft       , Gs^Ft       , Gs          , Gs          , Rp          , Rp          , Gs          , Gs          , Gs          , Ds          , Ww          , Ww          , Wo          , Wo          , Wo          , Ww          , Ww          , Wo          , Wo          , Wo          , Wo          , Wo          , Wo          , Wo          , Wo          , Wo          , Wo          , Wo          , Wo          , Wo          , Wo          , Wo          , Wo          , Ww          , Wwr         , Hh          , Gs^Ft       , Gs          , Rp          , Re^Gvs      , Re^Gvs      , Re^Gvs      , Gs          
Gs^Ft       , Gs^Ft       , Gs^Ft       , Gs^Ft       , Ds          , Ss          , Re          , Gs^Ft       , Gs^Ft       , Ss          , Ss^Vhs      , Re          , Ss          , Ss          , Gs          , Rp          , Rp          , Gs          , Ch          , Ch          , Ch          , Ww          , Ww^Vm       , Ww          , Wo^Bw/      , Wo          , Wo          , Wo          , Wo          , Wo          , Wo          , Wo          , Wo          , Wo          , Wo          , Wo          , Wo          , Wo          , Wo          , Wo          , Wo          , Wo          , Ww          , Wwr         , Ds          , Gs          , Gs          , Rp          , Re^Gvs      , Re^Gvs      , Re^Gvs      , Re^Gvs      
Gs^Ft       , Gs^Ft       , Dd^Vdt      , Gs^Ft       , Gs^Ft       , Re          , Gs^Ft       , Gs^Ft       , Gs^Ft       , Gs^Ft       , Re          , Re          , Hh          , Gs^Ft       , Gs          , Gs          , Ch          , Rp          , Rr          , Dd^Vda      , Ch          , Ww          , Ww^Bw/      , Wo^Bw\      , Wo^Bw\      , Wo^Bw/      , Wo^Bw/      , Wo          , Wo          , Wo          , Wo          , Wo          , Wo          , Wo          , Wo          , Wo          , Wo          , Wo          , Wo          , Wo          , Wo          , Ww          , Ww          , Ww          , Ds          , Ds          , Gs          , Rp          , Re^Gvs      , Re^Gvs      , Re^Gvs      , Re^Gvs      
Gs^Ft       , Gs^Ft       , Ds          , Ds          , Ds          , Gs^Ft       , Gs          , Gs^Ft       , Gs          , Re          , Ss          , Ss          , Ss          , Ss          , Gs          , Ch          , Rr          , Rr          , Dd^Vda      , Rr          , Dd^Dr       , Ds          , Ds          , Ww          , Ww          , Wo^Bw\      , Wo^Bw\      , Wo^Bw/      , Wo^Bw/      , Wo          , Wo          , Wo          , Wo          , Wo          , Wo          , Wo          , Wo          , Wo          , Ww          , Wo          , Ww          , Ww          , Ww          , Ww          , Ds          , Ds          , Gs          , Rp          , Re^Gvs      , Re^Gvs      , Re^Gvs      , Gs          
Gs^Ft       , Gs^Ft       , Ds          , Dd^Dc       , Ds          , Ds          , Gs^Ft       , Gs          , Gs          , Gs          , Gs          , Ds          , Ds          , Ds          , Gs          , Ch          , Rr          , Dd^Do       , Rr          , Rr          , Dd^Vdt      , Ds          , Ch          , Ds          , Ds          , Ww          , Ww          , Wo^Bw\      , Wo^Bw\      , Wo^Bw/      , Wo^Bw/      , Wo          , Wo          , Wo          , Wo          , Wo          , Ww          , Ww          , Ww          , Ww          , Ww          , Ww          , Hh          , Ds          , Ds          , Ds          , Gs          , Rp          , Re^Gvs      , Re^Gvs      , Re^Gvs      , Gs          
Gs^Ft       , Gs^Ft       , Gs^Ft       , Ds          , Gs^Ft       , Gs^Ft       , Gs^Ft       , Gs^Ft       , Gs^Ft       , Gs^Ft       , Gs^Ft       , Gs          , Ds          , Gs          , Gs          , Ch          , Rr          , Dd^Vda      , Rr          , Dd^Vda      , Rr          , Rr          , Hh          , Hh          , Kh          , Ds          , Ds          , Ww          , Ww          , Wo^Bw\      , Wo^Bw\      , Wo^Bw/      , Wo          , Wo          , Ww          , Ww          , Ch          , Ww          , Ww          , Ww          , Ww          , Ww          , Hh          , Ds          , Gs          , Gs          , Gs^Vht      , Rp          , Re^Gvs      , Re^Gvs      , Re^Gvs      , Gs^Ft       
Gs^Ft       , Gs^Ft       , Gs^Ft       , Gs^Ft       , Gs^Ft       , Hh          , Gs^Ft       , Gs^Ft       , Gs^Ft       , Gs^Ft       , Gs^Vht      , Gs          , Gs          , Gs          , Rp          , Rr          , Dd^Vdt      , Rr          , Rr          , Rr          , Rr          , Dd^Vda      , Hh          , Mm          , Mm          , Mm^Xm       , Mm^Xm       , Ds          , Ds          , Ww          , Ww^Bw|      , Ww          , Ww          , Ww          , Ds          , Ch          , Dd^Vda      , Ch          , Ww          , Ww          , Ww          , Ww          , Hh          , Hh          , Gs^Ft       , Gs          , Re^Gvs      , Rp          , Re^Gvs      , Re^Gvs      , Re^Gvs      , Gs^Ft       
Rp          , Rp          , Rp          , Gs^Ft       , Rp          , Gs^Ft       , Gs^Ft       , Hh          , Gs^Ft       , Gs^Ft       , Gs^Ft       , Gs          , Rp          , Rp          , Gg          , Rr          , Rr          , Dd^Vda      , Rr          , Dd^Vdt      , Rr          , Dd^Vda      , Ch          , Hh          , Ch          , 2 Kh        , Mm^Xm       , Kh          , Mm          , Ds          , Rr          , Ch          , Ds          , Ww          , Rr          , Rr          , Rr          , Ch          , Ww^Bw/      , Ww          , Ww          , Ww          , Gs^Ft       , Gs^Ft       , Re^Gvs      , Re^Gvs      , Re^Gvs      , Rp          , Re^Gvs      , Re^Gvs      , Re^Gvs      , Gs^Ft       
Gs^Ft       , Gs^Ft       , Gs^Ft       , Rp          , Gs^Vht      , Rp          , Rp          , Gs^Ft       , Rp          , Gs^Ft       , Rp          , Rp          , Gg          , Gg          , Gg          , Ch          , Rr          , Dd^Do       , Rr          , Dd^Vdt      , Dd^Vda      , Rr          , Rr          , Ch          , Gg^Fet      , Ch          , Mm          , Mm          , Hh          , Mm          , Mm          , Rr          , Ww^Bw\      , Ww          , Rr          , Dd^Vda      , Dd^Dr       , Rr          , Ww          , Ww          , Ww          , Ww          , Re^Gvs      , Re^Gvs      , Re^Gvs      , Re^Gvs      , Re^Gvs      , Rp          , Re^Gvs      , Re^Gvs      , Re^Gvs      , Gs^Ft       
Gs^Ft       , Gs^Ft       , Gs^Ft       , Gs^Ft       , Gs^Ft       , Gs^Ft       , Gs^Ft       , Rp          , Gs^Ft       , Rp          , Gg          , Gg          , Hh          , Gg          , Gg          , Ch          , Rr          , Dd^Vda      , Dd^Dr       , Rr          , Rr          , Dd^Vdt      , Dd^Do       , Gg^Efm      , Gg^Efm      , Ch          , Ch          , Dd^Dr       , Rr          , Dd^Dr       , Ww          , Ww          , Dd^Vdt      , Rr          , Rr          , Dd^Vdt      , Rr          , Rr          , Ww^Bw\      , Ww          , Ww          , Ww          , Ww          , Re^Gvs      , Re^Gvs      , Re^Gvs      , Rp          , Rp          , Re^Gvs      , Re^Gvs      , Re^Gvs      , Gs^Ft       
Gs^Ft       , Gs^Ft       , Hh          , Gs^Ft       , Gs^Ft       , Gs^Ft       , Hh          , Gs^Ft       , Gs^Ft       , Gs^Ft       , Hh          , Gg          , Hh          , Gg          , Gg          , Ch          , Ch          , Rr          , Rr          , Dd^Vdt      , Rr          , Rr          , Rr          , Gg^Efm      , Dd^Do       , Rr          , Rr          , Rr          , Dd^Vdt      , Dd^Vdt      , Ww          , Dd^Dr       , Dd^Vdt      , Rr          , Dd^Vdt      , Dd^Vdt      , Rr          , Ch          , Wwr         , Ww          , Ww          , Ww          , Ww          , Ww          , Ch          , Rp          , Gg^Vc       , Re^Gvs      , Re^Gvs      , Re^Gvs      , Re^Gvs      , Gs^Ft       
Gs^Ft       , Hh          , Gs^Ft       , Gs^Ft       , Gs^Ft       , Gs^Ft       , Gs^Ft       , Gs^Ft       , Gs^Ft       , Hh          , Hh          , Hh          , Gg          , Gg          , Gg^Ve       , Gg          , Gg          , Ch          , Ch          , Rr          , Rr          , Ch          , 1 Kh        , Rr          , Rr          , Dd^Vda      , Dd^Vda      , Rr          , Rr          , Rr          , Ww^Bw\      , Dd^Vdt      , Rr          , Rr          , Dd^Vda      , Rr          , Dd^Vda      , Ch          , Gg          , Ww          , Ww          , Ww          , Ww          , Ww^Bw\      , Rp          , Rp          , Re^Gvs      , Re^Gvs      , Re^Gvs      , Re^Gvs      , Re^Gvs      , Gg          
Gs^Ft       , Gs^Ft       , Gs^Ft       , Gs^Ft       , Gs^Ft       , Gs^Ft       , Gs^Ft       , Gs^Ft       , Gs^Ft       , Gs^Ft       , Gs^Ft       , Gg          , Gg          , Gg          , Gg          , Gg          , Gg          , Gg          , Gg          , Ch          , Rr          , Ch          , Ch          , Ch          , Rr          , Dd^Dr       , Dd^Do       , Dd^Vdt      , Dd^Vda      , Dd^Vda      , Ww          , Rr          , Dd^Vdt      , Dd^Vdt      , Rr          , Rr          , Ch          , Ch          , Re^Gvs      , Gg          , Ww          , Ww          , Ww          , Ww^Bw/      , Ch          , Gg^Wm       , Re^Gvs      , Re^Gvs      , Re^Gvs      , Re^Gvs      , Re^Gvs      , Gg          
Gs^Ft       , Gs^Ft       , Gs^Ft       , Gs^Ft       , Hh          , Hh          , Hh          , Gs^Ft       , Gs^Ft       , Gs^Ft       , Gs^Ft       , Gs^Ft       , Gs^Ft       , Gg          , Gg          , Gg          , Gg          , Gg          , Gg          , Gg          , Rr          , Ch          , Rr          , Rr          , Rr          , Ke          , Rr          , Rr          , Ww^Bw\      , Ww          , Rr          , Dd^Vda      , Rr          , Dd^Do       , Rr          , Ch          , Re^Gvs      , Re^Gvs      , Re^Gvs      , Gg          , Ww          , Ww          , Ww          , Ww          , Gg          , Re^Gvs      , Re^Gvs      , Re^Gvs      , Re^Gvs      , Re^Gvs      , Re^Gvs      , Gg          
Gs^Ft       , Gs^Ft       , Gs^Ft       , Gs^Ft       , Hh          , Hh          , Hh          , Gs^Ft       , Gs^Ft       , Gs^Ft       , Gs^Ft       , Gs^Ft       , Gs^Ft       , Gg          , Gs^Ft       , Gg          , Gg          , Gg          , Gg          , Gg^Wm       , Rp          , Rr          , Re^Gvs      , Ch          , Ch          , Rr          , Dd^Vda      , Dd^Dr       , Ww          , Rr          , Dd^Vda      , Rr          , Ch          , Rr          , Rp          , Re^Gvs      , Re^Gvs      , Re^Gvs      , Re^Gvs      , Gg          , Ww          , Ww          , Ww          , Gg          , Re^Gvs      , Re^Gvs      , Re^Gvs      , Re^Gvs      , Re^Gvs      , Re^Gvs      , Gs^Ft       , Gg          
Gs^Ft       , Gs^Ft       , Gs^Ft       , Gs^Ft       , Gs^Ft       , Hh          , Gs^Ft       , Gs^Ft       , Gs^Ft       , Gs^Ft       , Gs^Ft       , Gs^Ft       , Gs^Ft       , Gs^Ft       , Gs^Ft       , Gs^Ft       , Gg          , Gg          , Rp          , Rp          , Re^Gvs      , Re^Gvs      , Re^Gvs      , Re^Gvs      , Re^Gvs      , Ch          , Ch          , Ch          , Ww          , Ch          , Ch          , Ch          , Re^Gvs      , Re^Gvs      , Re^Gvs      , Rp          , Rp          , Re^Gvs      , Gg^Vc       , Gg          , Ww          , Ww          , Ww          , Gg          , Re^Gvs      , Re^Gvs      , Re^Gvs      , Re^Gvs      , Gs^Ft       , Gs^Ft       , Gs^Ft       , Gg          
Gs          , Gs^Ft       , Gs^Ft       , Gs^Ft       , Gs^Ft       , Gs^Ft       , Gs^Ft       , Gs^Ft       , Gs^Ft       , Gs^Ft       , Gs^Ft       , Gs^Ft       , Gs^Ft       , Gs^Ft       , Gs^Ft       , Gs^Ft       , Rp          , Rp          , Re^Gvs      , Re^Gvs      , Re^Gvs      , Re^Gvs      , Re^Gvs      , Re^Gvs      , Re^Gvs      , Re^Gvs      , Re^Gvs      , Ch          , Ww          , Ch          , Gs          , Re^Gvs      , Re^Gvs      , Re^Gvs      , Re^Gvs      , Re^Gvs      , Re^Gvs      , Rp          , Re^Gvs      , Gg          , Ww          , Ww          , Ww          , Gg          , Re^Gvs      , Re^Gvs      , Gs^Ft       , Gs^Ft       , Gs^Ft       , Gs^Ft       , Gs^Ft       , Gs^Ft       
