border_size=1
usage=map

Xv          , Xv          , Xv          , Xv          , Xv          , Xv          , Xv          , Xv          , Xv          , Xv          , Xv          , Xv          , Xv          , Xv          , Xv          , Xv          , Xv          , Xv          , Xv          , Xv          , Xv          , Xv          , Xv          , Xv          , Xv          , Xv          , Xv          , Xv          , Xv          , Xv          , Xv          , Xv          , Xv          , Xv          , Xv          , Xv          , Xv          , Xv          , Xv          , Xv          , Xv          , Xv          , Xv          , Xv          , Xv          , Xv          , Xv          , Xv          , Xv          , Xv          , Xv          , Xv          
Xv          , Xv          , Xv          , Xv          , Xv          , Xv          , Xv          , Xv          , Xv          , Xv          , Xv          , Xv          , Xv          , Xv          , Xv          , Xv          , Xv          , Xv          , Xv          , Xv          , Xv          , Xv          , Xv          , Xv          , Xv          , Xv          , Xv          , Xv          , Xv          , Xv          , Xv          , Xv          , Xv          , Xv          , Xv          , Xv          , Xv          , Xv          , Xv          , Xv          , Xv          , Xv          , Xv          , Xv          , Xv          , Xv          , Xv          , Xv          , Xv          , Xv          , Xv          , Xv          
Xv          , Xv          , Xv          , Xv          , Xv          , Xv          , Xv          , Xv          , Xv          , Xv          , Xv          , Xv          , Xv          , Xv          , Xv          , Xv          , Xv          , Xv          , Xv          , Xv          , Xv          , Xv          , Xv          , Xv          , Xv          , Xv          , Xv          , Xv          , Xv          , Xv          , Xv          , Xv          , Xv          , Xv          , Xv          , Xv          , Xv          , Xv          , Xv          , Xv          , Xv          , Xv          , Xv          , Xv          , Xv          , Xv          , Xv          , Xv          , Xv          , Xv          , Xv          , Xv          
Xv          , Xv          , Xv          , Xv          , Xv          , Xv          , Xv          , Xv          , Xv          , Xv          , Xv          , Xv          , Xv          , Xv          , Xv          , Xv          , Xv          , Xv          , Xv          , Xv          , Xv          , Xv          , Xv          , Xv          , Xv          , Xv          , Xv          , Xv          , Xv          , Xv          , Xv          , Xv          , Xv          , Xv          , Xv          , Xv          , Xv          , Xv          , Xv          , Xv          , Xv          , Xv          , Xv          , Xv          , Xv          , Xv          , Xv          , Xv          , Xv          , Xv          , Xv          , Xv          
Xv          , Xv          , Xv          , Xv          , Xv          , Xv          , Xv          , Xv          , Xv          , Xv          , Xv          , Xv          , Xv          , Xv          , Xv          , Xv          , Xv          , Xv          , Xv          , Xv          , Xv          , Xv          , Xv          , Xv          , Xv          , Xv          , Xv          , Xv          , Xv          , Xv          , Xv          , Xv          , Xv          , Xv          , Xv          , Xv          , Xv          , Xv          , Xv          , Xv          , Xv          , Xv          , Xv          , Xv          , Xv          , Xv          , Xv          , Xv          , Xv          , Xv          , Xv          , Xv          
Xv          , Xv          , Xv          , Xv          , Xv          , Xv          , Xv          , Xv          , Xv          , Xv          , Xv          , Xv          , Xv          , Xv          , Xv          , Xv          , Xv          , Xv          , Xv          , Xv          , Xv          , Xv          , Xv          , Xv          , Xv          , Xv          , Xv          , Xv          , Xv          , Xv          , Xv          , Xv          , Xv          , Xv          , Xv          , Xv          , Xv          , Xv          , Xv          , Xv          , Xv          , Xv          , Xv          , Xv          , Xv          , Xv          , Xv          , Xv          , Xv          , Xv          , Xv          , Xv          
Xv          , Xv          , Xv          , Xv          , Xv          , Xv          , Xv          , Xv          , Xv          , Xv          , Xv          , Xv          , Xv          , Xv          , Xv          , Xv          , Xv          , Xv          , Xv          , Xv          , Xv          , Xv          , Xv          , Xv          , Ce          , Ce          , Ce          , Xv          , Xv          , Xv          , Xv          , Xv          , Xv          , Xv          , Xv          , Xv          , Xv          , Xv          , Xv          , Xv          , Xv          , Xv          , Xv          , Xv          , Xv          , Xv          , Xv          , Xv          , Xv          , Xv          , Xv          , Xv          
Xv          , Xv          , Xv          , Xv          , Xv          , Xv          , Xv          , Xv          , Xv          , Xv          , Xv          , Xv          , 4 Ke        , Xv          , Ce          , Ce          , Ce          , Xv          , Xv          , Xv          , Xv          , Xv          , Xv          , Xv          , Ce          , 1 Ke        , Ce          , Xv          , Xv          , Xv          , Xv          , Xv          , Ce          , Xv          , Xv          , Xv          , Xv          , Xv          , Xv          , Xv          , Xv          , Xv          , Xv          , Xv          , Xv          , Xv          , Xv          , Xv          , Xv          , Xv          , Xv          , Xv          
Xv          , Xv          , Xv          , Xv          , Xv          , Xv          , Xv          , Xv          , Xv          , Xv          , Xv          , Xv          , Xv          , Ce          , Xv          , Xv          , Xv          , Ce          , Ce          , Xv          , Xv          , Xv          , Xv          , Xv          , Xv          , Ce          , Xv          , Xv          , Xv          , Xv          , Xv          , Ce          , 3 Ke        , Ce          , Xv          , Xv          , Xv          , Xv          , Xv          , Xv          , Xv          , Xv          , Xv          , Xv          , Xv          , Xv          , Xv          , Xv          , Xv          , Xv          , Xv          , Xv          
Xv          , Xv          , Xv          , Xv          , Xv          , Xv          , Xv          , Xv          , Xv          , Xv          , Xv          , Xv          , Xv          , Ce          , Xv          , Xv          , Xv          , Xv          , Xv          , Ce          , Ce          , Xv          , Xv          , Xv          , Ch          , Ch          , Ch          , Xv          , Xv          , Xv          , Ce          , Ce          , Ce          , Ce          , Xv          , Xv          , Xv          , Xv          , Xv          , Xv          , Xv          , Xv          , Xv          , Xv          , Xv          , Xv          , Xv          , Xv          , Xv          , Xv          , Xv          , Xv          
Xv          , Xv          , Xv          , Xv          , Xv          , Xv          , Xv          , Xv          , Xv          , Xv          , Xv          , Xv          , Xv          , Ce          , Ce          , Xv          , Xv          , Xv          , Xv          , Xv          , Ce          , Xv          , Xv          , Xv          , Ch          , Xv          , Ch          , Xv          , Xv          , Xv          , Ce          , Xv          , Xv          , Xv          , Xv          , Xv          , Xv          , Xv          , Xv          , Xv          , Xv          , Xv          , Xv          , Xv          , Xv          , Xv          , Xv          , Xv          , Xv          , Xv          , Xv          , Xv          
Xv          , Xv          , Xv          , Xv          , Xv          , Xv          , Xv          , Xv          , Xv          , Xv          , Xv          , Xv          , Xv          , Xv          , Xv          , Ce          , Ce          , Xv          , Xv          , Xv          , Ce          , Xv          , Xv          , Xv          , Xv          , Ch          , Xv          , Xv          , Xv          , Xv          , Xv          , Xv          , Xv          , Xv          , Xv          , Xv          , Xv          , Xv          , Xv          , Xv          , Xv          , Xv          , Xv          , Xv          , Xv          , Xv          , Xv          , Xv          , Xv          , Xv          , Xv          , Xv          
Xv          , Xv          , Xv          , Xv          , Xv          , Xv          , Xv          , Xv          , Xv          , Xv          , Xv          , Xv          , Xv          , Xv          , Xv          , Xv          , Xv          , Ce          , Ce          , Ce          , Xv          , Xv          , Xv          , Xv          , Cud         , Cud         , Cud         , Xv          , Xv          , Xv          , Xv          , Xv          , Xv          , Xv          , Xv          , Xv          , Xv          , Xv          , Xv          , Xv          , Xv          , Xv          , Xv          , Xv          , Xv          , Xv          , Xv          , Xv          , Xv          , Xv          , Xv          , Xv          
Xv          , Xv          , Xv          , Xv          , Xv          , Xv          , Xv          , Xv          , Xv          , Xv          , Xv          , Xv          , Xv          , Xv          , Xv          , Xv          , Xv          , Xv          , Xv          , Xv          , Xv          , Xv          , Xv          , Xv          , Cud         , Xv          , Cud         , Xv          , Xv          , Xv          , Xv          , Xv          , Xv          , Xv          , Xv          , Xv          , Xv          , Xv          , Xv          , Xv          , Xv          , Xv          , Xv          , Xv          , Xv          , Xv          , Xv          , Xv          , Xv          , Xv          , Xv          , Xv          
Xv          , Xv          , Xv          , Xv          , Xv          , Xv          , Xv          , Xv          , Xv          , Xv          , Xv          , Xv          , Xv          , Xv          , Xv          , Xv          , Xv          , Xv          , Xv          , Xv          , Xv          , Xv          , Xv          , Xv          , Xv          , Cud         , Xv          , Xv          , Xv          , Xv          , Xv          , Xv          , Xv          , Xv          , Xv          , Xv          , Xv          , Xv          , Xv          , Xv          , Xv          , Xv          , Xv          , Xv          , Xv          , Xv          , Xv          , Xv          , Xv          , Xv          , Xv          , Xv          
Xv          , Xv          , Xv          , Xv          , Xv          , Xv          , Xv          , Xv          , Xv          , Xv          , Xv          , Xv          , Xv          , Xv          , Xv          , Xv          , Xv          , Xv          , Xv          , Xv          , Xv          , Xv          , Xv          , Xv          , Cv          , Cv          , Cv          , Xv          , Xv          , Xv          , Xv          , Xv          , Xv          , Xv          , Xv          , Xv          , Xv          , Xv          , Xv          , Xv          , Xv          , Xv          , Xv          , Xv          , Xv          , Xv          , Xv          , Xv          , Xv          , Xv          , Xv          , Xv          
Xv          , Xv          , Xv          , Xv          , Xv          , Xv          , Xv          , Xv          , Xv          , Xv          , Xv          , Xv          , Xv          , Xv          , Xv          , Xv          , Xv          , Xv          , Xv          , Xv          , Xv          , Xv          , Xv          , Xv          , Cv          , Xv          , Cv          , Xv          , Xv          , Xv          , Xv          , Xv          , Xv          , Xv          , Xv          , Xv          , Xv          , Xv          , Xv          , Xv          , Xv          , Xv          , Xv          , Xv          , Xv          , Xv          , Xv          , Xv          , Xv          , Xv          , Xv          , Xv          
Xv          , Xv          , Xv          , Xv          , Xv          , Xv          , Xv          , Xv          , Xv          , Xv          , Xv          , Xv          , Xv          , Xv          , Xv          , Xv          , Xv          , Xv          , Xv          , Xv          , Xv          , Xv          , Xv          , Xv          , Xv          , Cv          , Xv          , Xv          , Xv          , Xv          , Xv          , Xv          , Xv          , Xv          , Xv          , Xv          , Xv          , Xv          , Xv          , Xv          , Xv          , Xv          , Xv          , Xv          , Xv          , Xv          , Xv          , Xv          , Xv          , Xv          , Xv          , Xv          
Xv          , Xv          , Xv          , Xv          , Xv          , Xv          , Xv          , Xv          , Xv          , Xv          , Xv          , Xv          , Xv          , Xv          , Xv          , Xv          , Xv          , Xv          , Xv          , Xv          , Xv          , Xv          , Xv          , Xv          , Chw         , Chw         , Chw         , Xv          , Xv          , Xv          , Xv          , Xv          , Xv          , Xv          , Xv          , Xv          , Xv          , Xv          , Xv          , Xv          , Xv          , Xv          , Xv          , Xv          , Xv          , Xv          , Xv          , Xv          , Xv          , Xv          , Xv          , Xv          
Xv          , Xv          , Xv          , Xv          , Xv          , Xv          , Xv          , Xv          , Xv          , Xv          , Xv          , Xv          , Xv          , Xv          , Xv          , Xv          , Xv          , Xv          , Xv          , Xv          , Xv          , Xv          , Xv          , Xv          , Chw         , Xv          , Chw         , Xv          , Xv          , Xv          , Xv          , Xv          , Xv          , Xv          , Xv          , Xv          , Xv          , Xv          , Xv          , Xv          , Xv          , Xv          , Xv          , Xv          , Xv          , Xv          , Xv          , Xv          , Xv          , Xv          , Xv          , Xv          
Xv          , Xv          , Xv          , Xv          , Xv          , Xv          , Xv          , Xv          , Xv          , Xv          , Xv          , Xv          , Xv          , Xv          , Xv          , Xv          , Xv          , Xv          , Xv          , Xv          , Xv          , Xv          , Xv          , Xv          , Xv          , Chw         , Xv          , Xv          , Xv          , Xv          , Xv          , Xv          , Xv          , Xv          , Xv          , Xv          , Xv          , Xv          , Xv          , Xv          , Xv          , Xv          , Xv          , Xv          , Xv          , Xv          , Xv          , Xv          , Xv          , Xv          , Xv          , Xv          
Xv          , Xv          , Xv          , Xv          , Xv          , Xv          , Xv          , Xv          , Xv          , Xv          , Xv          , Xv          , Xv          , Xv          , Xv          , Xv          , Xv          , Xv          , Xv          , Xv          , Xv          , Xv          , Xv          , Xv          , Xv          , Xv          , Xv          , Xv          , Xv          , Xv          , Xv          , Xv          , Xv          , Xv          , Xv          , Xv          , Xv          , Xv          , Xv          , Xv          , Xv          , Xv          , Xv          , Xv          , Xv          , Xv          , Xv          , Xv          , Xv          , Xv          , Xv          , Xv          
Xv          , Xv          , Xv          , Xv          , Xv          , Xv          , Xv          , Xv          , Xv          , Xv          , Xv          , Xv          , Xv          , Xv          , Xv          , Xv          , Xv          , Xv          , Xv          , Xv          , Xv          , Xv          , Xv          , Xv          , Xv          , Xv          , Xv          , Xv          , Xv          , Xv          , Xv          , Xv          , Xv          , Xv          , Xv          , Xv          , Xv          , Xv          , Xv          , Xv          , Xv          , Xv          , Xv          , Xv          , Xv          , Xv          , Xv          , Xv          , Xv          , Xv          , Xv          , Xv          
Xv          , Xv          , Xv          , Xv          , Xv          , Xv          , Xv          , Xv          , Xv          , Xv          , Xv          , Xv          , Xv          , Xv          , Xv          , Xv          , Xv          , Xv          , Xv          , Xv          , Xv          , Xv          , Xv          , Xv          , Xv          , Xv          , Xv          , Xv          , Xv          , Xv          , Xv          , Xv          , Xv          , Xv          , Xv          , Xv          , Xv          , Xv          , Xv          , Xv          , Xv          , Xv          , Xv          , Xv          , Xv          , Xv          , Xv          , Xv          , Xv          , Xv          , Xv          , Xv          
Xv          , Xv          , Xv          , Xv          , Xv          , Xv          , Xv          , Xv          , Xv          , Xv          , Xv          , Xv          , Xv          , Xv          , Xv          , Xv          , Xv          , Xv          , Xv          , Xv          , Xv          , Xv          , Xv          , Xv          , Xv          , Xv          , Xv          , Xv          , Xv          , Xv          , Xv          , Xv          , Xv          , Xv          , Xv          , Xv          , Xv          , Xv          , Xv          , Xv          , Xv          , Xv          , Xv          , Xv          , Xv          , Xv          , Xv          , Xv          , Xv          , Xv          , Xv          , Xv          
Xv          , Xv          , Xv          , Xv          , Xv          , Xv          , Xv          , Xv          , Xv          , Xv          , Xv          , Xv          , Xv          , Xv          , Xv          , Xv          , Xv          , Xv          , Xv          , Xv          , Xv          , Xv          , Xv          , Xv          , Xv          , Xv          , Xv          , Xv          , Xv          , Xv          , Xv          , Xv          , Xv          , Xv          , Xv          , Xv          , Xv          , Xv          , Xv          , Xv          , Xv          , Xv          , Xv          , Xv          , Xv          , Xv          , Xv          , Xv          , Xv          , Xv          , Xv          , Xv          
Xv          , Xv          , Xv          , Xv          , Xv          , Xv          , Xv          , Xv          , Xv          , Xv          , Xv          , Xv          , Xv          , Xv          , Xv          , Xv          , Xv          , Xv          , Xv          , Xv          , Xv          , Xv          , Xv          , Xv          , Xv          , Xv          , Xv          , Xv          , Xv          , Xv          , Xv          , Xv          , Xv          , Xv          , Xv          , Xv          , Xv          , Xv          , Xv          , Xv          , Xv          , Xv          , Xv          , Xv          , Xv          , Xv          , Xv          , Xv          , Xv          , Xv          , Xv          , Xv          
Xv          , Xv          , Xv          , Xv          , Xv          , Xv          , Xv          , Xv          , Xv          , Xv          , Xv          , Xv          , Xv          , Xv          , Xv          , Xv          , Xv          , Xv          , Xv          , Xv          , Xv          , Xv          , Xv          , Xv          , Xv          , Xv          , Xv          , Xv          , Xv          , Xv          , Xv          , Xv          , Xv          , Xv          , Xv          , Xv          , Xv          , Xv          , Xv          , Xv          , Xv          , Xv          , Xv          , Xv          , Xv          , Xv          , Xv          , Xv          , Xv          , Xv          , Xv          , Xv          
Xv          , Xv          , Xv          , Xv          , Xv          , Xv          , Xv          , Xv          , Xv          , Xv          , Xv          , Xv          , Xv          , Xv          , Xv          , Xv          , Xv          , Xv          , Xv          , Xv          , Xv          , Xv          , Xv          , Xv          , Xv          , Xv          , Xv          , Xv          , Xv          , Xv          , Xv          , Xv          , Xv          , Xv          , Xv          , Xv          , Xv          , Xv          , Xv          , Xv          , Xv          , Xv          , Xv          , Xv          , Xv          , Xv          , Xv          , Xv          , Xv          , Xv          , Xv          , Xv          
Xv          , Xv          , Xv          , Xv          , Xv          , Xv          , Xv          , Xv          , Xv          , Xv          , Xv          , Xv          , Xv          , Xv          , Xv          , Xv          , Xv          , Xv          , Xv          , Xv          , Ce          , Xv          , Xv          , Xv          , Xv          , Xv          , Xv          , Xv          , Xv          , Xv          , Xv          , Xv          , Xv          , Xv          , Xv          , Xv          , Xv          , Xv          , Xv          , Xv          , Xv          , Xv          , Xv          , Xv          , Xv          , Xv          , Xv          , Xv          , Xv          , Xv          , Xv          , Xv          
Xv          , Xv          , Xv          , Xv          , Xv          , Xv          , Xv          , Xv          , Xv          , Xv          , Xv          , Xv          , Xv          , Xv          , Xv          , Xv          , Xv          , Xv          , Ce          , Ce          , Xv          , Ce          , Ce          , 2 Ke        , Xv          , Xv          , Xv          , Xv          , Xv          , Xv          , Xv          , Xv          , Xv          , Xv          , Xv          , Xv          , Xv          , Xv          , Xv          , Xv          , Xv          , Xv          , Xv          , Xv          , Xv          , Xv          , Xv          , Xv          , Xv          , Xv          , Xv          , Xv          
Xv          , Xv          , Xv          , Xv          , Xv          , Xv          , Xv          , Xv          , Xv          , Xv          , Xv          , Xv          , Xv          , Xv          , Xv          , Xv          , Ce          , Ce          , Xv          , Xv          , Xv          , Xv          , Ce          , Xv          , Xv          , Xv          , Xv          , Xv          , Xv          , Xv          , Xv          , Xv          , Xv          , Xv          , Xv          , Xv          , Xv          , Xv          , Xv          , Xv          , Xv          , Xv          , Xv          , Xv          , Xv          , Xv          , Xv          , Xv          , Xv          , Xv          , Xv          , Xv          
Xv          , Xv          , Xv          , Xv          , Xv          , Xv          , Xv          , Xv          , Xv          , Xv          , Xv          , Xv          , Xv          , Xv          , Xv          , Xv          , Xv          , Xv          , Xv          , Xv          , Xv          , Xv          , Ce          , Xv          , Xv          , Xv          , Xv          , Xv          , Xv          , Xv          , Xv          , Xv          , Xv          , Xv          , Xv          , Xv          , Xv          , Xv          , Xv          , Xv          , Xv          , Xv          , Xv          , Xv          , Xv          , Xv          , Xv          , Xv          , Xv          , Xv          , Xv          , Xv          
Xv          , Xv          , Xv          , Xv          , Xv          , Xv          , Xv          , Xv          , Xv          , Xv          , Xv          , Xv          , Xv          , Xv          , Xv          , Xv          , Xv          , Xv          , Xv          , Xv          , Ce          , Ce          , Xv          , Xv          , Xv          , Xv          , Xv          , Xv          , Xv          , Xv          , Xv          , Xv          , Xv          , Xv          , Xv          , Xv          , Xv          , Xv          , Xv          , Xv          , Xv          , Xv          , 5 Ke        , Xv          , Xv          , Xv          , Xv          , Xv          , Xv          , Xv          , Xv          , Xv          
Xv          , Xv          , Xv          , Xv          , Xv          , Xv          , Xv          , Xv          , Xv          , Xv          , Xv          , Xv          , Xv          , Xv          , Xv          , Xv          , Xv          , Xv          , Ce          , Ce          , Xv          , Xv          , Xv          , Xv          , Xv          , Xv          , Xv          , Xv          , Xv          , Xv          , Xv          , Xv          , Xv          , Xv          , Xv          , Xv          , Xv          , Xv          , Xv          , Xv          , Xv          , Xv          , Ce          , Xv          , Ce          , Xv          , Xv          , Xv          , Xv          , Xv          , Xv          , Xv          
Xv          , Xv          , Xv          , Xv          , Xv          , Xv          , Xv          , Xv          , Xv          , Xv          , Xv          , Xv          , Xv          , Xv          , Xv          , Xv          , Xv          , Xv          , Xv          , Xv          , Xv          , Xv          , Xv          , Xv          , Xv          , Xv          , Xv          , Xv          , Xv          , Xv          , Xv          , Xv          , Xv          , Xv          , Xv          , Xv          , Xv          , Xv          , Xv          , Xv          , Xv          , Xv          , Xv          , Ce          , Ce          , Ce          , Xv          , Xv          , Xv          , Xv          , Xv          , Xv          
Xv          , Xv          , Xv          , Xv          , Xv          , Xv          , Xv          , Xv          , Xv          , Xv          , Xv          , Xv          , Xv          , Xv          , Xv          , Xv          , Xv          , Xv          , Xv          , Xv          , Xv          , Xv          , Xv          , Xv          , Xv          , Xv          , Xv          , Xv          , Xv          , Xv          , Xv          , Xv          , Xv          , Xv          , Xv          , Xv          , Xv          , Xv          , Xv          , Xv          , Xv          , Xv          , Xv          , Xv          , Xv          , Ce          , Xv          , Xv          , Xv          , Xv          , Xv          , Xv          
Xv          , Xv          , Xv          , Xv          , Xv          , Xv          , Xv          , Xv          , Xv          , Xv          , Xv          , Xv          , Xv          , Xv          , Xv          , Xv          , Xv          , Xv          , Xv          , Xv          , Xv          , Xv          , Xv          , Xv          , Xv          , Xv          , Xv          , Xv          , Xv          , Xv          , Xv          , Xv          , Xv          , Xv          , Xv          , Xv          , Xv          , Xv          , Xv          , Xv          , Xv          , Xv          , Xv          , Xv          , Xv          , Xv          , Xv          , Xv          , Xv          , Xv          , Xv          , Xv          
Xv          , Xv          , Xv          , Xv          , Xv          , Xv          , Xv          , Xv          , Xv          , Xv          , Xv          , Xv          , Xv          , Xv          , Xv          , Xv          , Xv          , Xv          , Xv          , Xv          , Xv          , Xv          , Xv          , Xv          , Xv          , Xv          , Xv          , Xv          , Xv          , Xv          , Xv          , Xv          , Xv          , Xv          , Xv          , Xv          , Xv          , Xv          , Xv          , Xv          , Xv          , Xv          , Xv          , Xv          , Xv          , Xv          , Xv          , Xv          , Xv          , Xv          , Xv          , Xv          
Xv          , Xv          , Xv          , Xv          , Xv          , Xv          , Xv          , Xv          , Xv          , Xv          , Xv          , Xv          , Xv          , Xv          , Xv          , Xv          , Xv          , Xv          , Xv          , Xv          , Xv          , Xv          , Xv          , Xv          , Xv          , Xv          , Xv          , Xv          , Xv          , Xv          , Xv          , Xv          , Xv          , Xv          , Xv          , Xv          , Xv          , Xv          , Xv          , Xv          , Xv          , Xv          , Xv          , Xv          , Xv          , Xv          , Xv          , Xv          , Xv          , Xv          , Xv          , Xv          
Xv          , Xv          , Xv          , Xv          , Xv          , Xv          , Xv          , Xv          , Xv          , Xv          , Xv          , Xv          , Xv          , Xv          , Xv          , Xv          , Xv          , Xv          , Xv          , Xv          , Xv          , Xv          , Xv          , Xv          , Xv          , Xv          , Xv          , Xv          , Xv          , Xv          , Xv          , Xv          , Xv          , Xv          , Xv          , Xv          , Xv          , Xv          , Xv          , Xv          , Xv          , Xv          , Xv          , Xv          , Xv          , Xv          , Xv          , Xv          , Xv          , Xv          , Xv          , Xv          
Xv          , Xv          , Xv          , Xv          , Xv          , Xv          , Xv          , Xv          , Xv          , Xv          , Xv          , Xv          , Xv          , Xv          , Xv          , Xv          , Xv          , Xv          , Xv          , Xv          , Xv          , Xv          , Xv          , Xv          , Xv          , Xv          , Xv          , Xv          , Xv          , Xv          , Xv          , Xv          , Xv          , Xv          , Xv          , Xv          , Xv          , Xv          , Xv          , Xv          , Xv          , Xv          , Xv          , Xv          , Xv          , Xv          , Xv          , Xv          , Xv          , Xv          , Xv          , Xv          
Xv          , Xv          , Xv          , Xv          , Xv          , Xv          , Xv          , Xv          , Xv          , Xv          , Xv          , Xv          , Xv          , Xv          , Xv          , Xv          , Xv          , Xv          , Xv          , Xv          , Xv          , Xv          , Xv          , Xv          , Xv          , Xv          , Xv          , Xv          , Xv          , Xv          , Xv          , Xv          , Xv          , Xv          , Xv          , Xv          , Xv          , Xv          , Xv          , Xv          , Xv          , Xv          , Xv          , Xv          , Xv          , Xv          , Xv          , Xv          , Xv          , Xv          , Xv          , Xv          
Xv          , Xv          , Xv          , Xv          , Xv          , Xv          , Xv          , Xv          , Xv          , Xv          , Xv          , Xv          , Xv          , Xv          , Xv          , Xv          , Xv          , Xv          , Xv          , Xv          , Xv          , Xv          , Xv          , Xv          , Xv          , Xv          , Xv          , Xv          , Xv          , Xv          , Xv          , Xv          , Xv          , Xv          , Xv          , Xv          , Xv          , Xv          , Xv          , Xv          , Xv          , Xv          , Xv          , Xv          , Xv          , Xv          , Xv          , Xv          , Xv          , Xv          , Xv          , Xv          
Xv          , Xv          , Xv          , Xv          , Xv          , Xv          , Xv          , Xv          , Xv          , Xv          , Xv          , Xv          , Xv          , Xv          , Xv          , Xv          , Xv          , Xv          , Xv          , Xv          , Xv          , Xv          , Xv          , Xv          , Xv          , Xv          , Xv          , Xv          , Xv          , Xv          , Xv          , Xv          , Xv          , Xv          , Xv          , Xv          , Xv          , Xv          , Xv          , Xv          , Xv          , Xv          , Xv          , Xv          , Xv          , Xv          , Xv          , Xv          , Xv          , Xv          , Xv          , Xv          
Xv          , Xv          , Xv          , Xv          , Xv          , Xv          , Xv          , Xv          , Xv          , Xv          , Xv          , Xv          , Xv          , Xv          , Xv          , Xv          , Xv          , Xv          , Xv          , Xv          , Xv          , Xv          , Xv          , Xv          , Xv          , Xv          , Xv          , Xv          , Xv          , Xv          , Xv          , Xv          , Xv          , Xv          , Xv          , Xv          , Xv          , Xv          , Xv          , Xv          , Xv          , Xv          , Xv          , Xv          , Xv          , Xv          , Xv          , Xv          , Xv          , Xv          , Xv          , Xv          
Xv          , Xv          , Xv          , Xv          , Xv          , Xv          , Xv          , Xv          , Xv          , Xv          , Xv          , Xv          , Xv          , Xv          , Xv          , Xv          , Xv          , Xv          , Xv          , Xv          , Xv          , Xv          , Xv          , Xv          , Xv          , Xv          , Xv          , Xv          , Xv          , Xv          , Xv          , Xv          , Xv          , Xv          , Xv          , Xv          , Xv          , Xv          , Xv          , Xv          , Xv          , Xv          , Xv          , Xv          , Xv          , Xv          , Xv          , Xv          , Xv          , Xv          , Xv          , Xv          
